[9/07/26 16:35:49:312 GMT] - BAQW0056I: Undeploying API project.
[9/07/26 16:35:49:313 GMT] - BAQW0063I: Building API project.

> Task :clean
BAQG0001I: Deleting generated Java in /workspace/project/src/gen
BAQG0002I: Deleting generated config in /workspace/project/src/main/webapp

> Task :zosConnectPreBuildTask

> Task :openApiGenerate
################################################################################
# Thanks for using OpenAPI Generator.                                          #
# Please consider donation to help us maintain this project 🙏                 #
# https://opencollective.com/openapi_generator/donate                          #
################################################################################
Successfully generated code to /workspace/project

> Task :zosConnectApiFilter

> Task :compileJava
warning: [options] source value 8 is obsolete and will be removed in a future release
warning: [options] target value 8 is obsolete and will be removed in a future release
warning: [options] To suppress warnings about obsolete options, use -Xlint:-options.
3 warnings

> Task :processResources NO-SOURCE
> Task :classes
> Task :jar
> Task :war
> Task :assemble
> Task :compileTestJava NO-SOURCE
> Task :processTestResources NO-SOURCE
> Task :testClasses UP-TO-DATE
> Task :test NO-SOURCE
> Task :check UP-TO-DATE
> Task :build

[Incubating] Problems report is available at: file:///workspace/project/build/reports/problems/problems-report.html

Deprecated Gradle features were used in this build, making it incompatible with Gradle 10.

You can use '--warning-mode all' to show the individual deprecation warnings and determine if they come from your own scripts or plugins.

For more on this, please refer to https://docs.gradle.org/9.5.0/userguide/command_line_interface.html#sec:command_line_warnings in the Gradle documentation.

BUILD SUCCESSFUL in 521ms
8 actionable tasks: 8 executed
[9/07/26 16:35:49:859 GMT] - BAQW0064I: API project built successfully.
[9/07/26 16:35:49:859 GMT] - BAQW0057I: Deploying API project.
[9/07/26 16:35:50:862 GMT] - BAQW0068I: API project deployed successfully.
