------Start of DE processing------ = [9/6/26, 7:47:43:593 GMT ]
Exception = java.lang.IllegalArgumentException
Source = com.ibm.ws.security.token.ltpa.internal.LTPAConfigurationImpl
probeid = 151
Stack Dump = java.lang.IllegalArgumentException: CWWKS4118E: LTPA configuration error. Add a keysPassword attribute to your <ltpa /> configuration, or set the 'ltpa_keys_password' or 'keystore_password' environment variables.
	at com.ibm.ws.security.token.ltpa.internal.LTPAConfigurationImpl.resolvePrimaryKeyPassword(LTPAConfigurationImpl.java:267)
	at com.ibm.ws.security.token.ltpa.internal.LTPAConfigurationImpl.loadConfig(LTPAConfigurationImpl.java:202)
	at com.ibm.ws.security.token.ltpa.internal.LTPAConfigurationImpl.activate(LTPAConfigurationImpl.java:148)
	at java.base/jdk.internal.reflect.DirectMethodHandleAccessor.invoke(DirectMethodHandleAccessor.java:104)
	at java.base/java.lang.reflect.Method.invoke(Method.java:571)
	at org.apache.felix.scr.impl.inject.methods.BaseMethod.invokeMethod(BaseMethod.java:257)
	at org.apache.felix.scr.impl.inject.methods.BaseMethod.access$500(BaseMethod.java:41)
	at org.apache.felix.scr.impl.inject.methods.BaseMethod$Resolved.invoke(BaseMethod.java:701)
	at org.apache.felix.scr.impl.inject.methods.BaseMethod.invoke(BaseMethod.java:544)
	at org.apache.felix.scr.impl.inject.methods.ActivateMethod.invoke(ActivateMethod.java:317)
	at org.apache.felix.scr.impl.inject.methods.ActivateMethod.invoke(ActivateMethod.java:307)
	at org.apache.felix.scr.impl.manager.SingleComponentManager.createImplementationObject(SingleComponentManager.java:354)
	at org.apache.felix.scr.impl.manager.SingleComponentManager.createComponent(SingleComponentManager.java:115)
	at org.apache.felix.scr.impl.manager.SingleComponentManager.getService(SingleComponentManager.java:1002)
	at org.apache.felix.scr.impl.manager.SingleComponentManager.getServiceInternal(SingleComponentManager.java:975)
	at org.apache.felix.scr.impl.manager.AbstractComponentManager.activateInternal(AbstractComponentManager.java:785)
	at org.apache.felix.scr.impl.manager.DependencyManager$SingleDynamicCustomizer.addedService(DependencyManager.java:861)
	at org.apache.felix.scr.impl.manager.DependencyManager$SingleDynamicCustomizer.addedService(DependencyManager.java:816)
	at org.apache.felix.scr.impl.manager.ServiceTracker$Tracked.customizerAdded(ServiceTracker.java:1232)
	at org.apache.felix.scr.impl.manager.ServiceTracker$Tracked.customizerAdded(ServiceTracker.java:1152)
	at org.apache.felix.scr.impl.manager.ServiceTracker$AbstractTracked.trackAdding(ServiceTracker.java:959)
	at org.apache.felix.scr.impl.manager.ServiceTracker$AbstractTracked.track(ServiceTracker.java:895)
	at org.apache.felix.scr.impl.manager.ServiceTracker$Tracked.serviceChanged(ServiceTracker.java:1184)
	at org.apache.felix.scr.impl.BundleComponentActivator$ListenerInfo.serviceChanged(BundleComponentActivator.java:118)
	at org.eclipse.osgi.internal.serviceregistry.FilteredServiceListener.serviceChanged(FilteredServiceListener.java:134)
	at org.eclipse.osgi.internal.framework.BundleContextImpl.dispatchEvent(BundleContextImpl.java:988)
	at org.eclipse.osgi.framework.eventmgr.EventManager.dispatchEvent(EventManager.java:230)
	at org.eclipse.osgi.framework.eventmgr.ListenerQueue.dispatchEventSynchronous(ListenerQueue.java:151)
	at org.eclipse.osgi.internal.serviceregistry.ServiceRegistry.publishServiceEventPrivileged(ServiceRegistry.java:999)
	at org.eclipse.osgi.internal.serviceregistry.ServiceRegistry.publishServiceEvent(ServiceRegistry.java:933)
	at org.eclipse.osgi.internal.serviceregistry.ServiceRegistrationImpl.register(ServiceRegistrationImpl.java:146)
	at org.eclipse.osgi.internal.serviceregistry.ServiceRegistry.registerService(ServiceRegistry.java:321)
	at org.eclipse.osgi.internal.framework.BundleContextImpl.registerService(BundleContextImpl.java:495)
	at org.apache.felix.scr.impl.manager.AbstractComponentManager$3.register(AbstractComponentManager.java:929)
	at org.apache.felix.scr.impl.manager.AbstractComponentManager$3.register(AbstractComponentManager.java:915)
	at org.apache.felix.scr.impl.manager.RegistrationManager.changeRegistration(RegistrationManager.java:133)
	at org.apache.felix.scr.impl.manager.AbstractComponentManager.registerService(AbstractComponentManager.java:984)
	at org.apache.felix.scr.impl.manager.AbstractComponentManager.activateInternal(AbstractComponentManager.java:752)
	at org.apache.felix.scr.impl.manager.AbstractComponentManager.enableInternal(AbstractComponentManager.java:674)
	at org.apache.felix.scr.impl.manager.AbstractComponentManager.enable(AbstractComponentManager.java:437)
	at org.apache.felix.scr.impl.manager.ConfigurableComponentHolder.enableComponents(ConfigurableComponentHolder.java:671)
	at org.apache.felix.scr.impl.BundleComponentActivator.initialEnable(BundleComponentActivator.java:342)
	at org.apache.felix.scr.impl.Activator.loadComponents(Activator.java:610)
	at org.apache.felix.scr.impl.Activator.access$200(Activator.java:75)
	at org.apache.felix.scr.impl.Activator$ScrExtension.start(Activator.java:477)
	at org.apache.felix.scr.impl.AbstractExtender.createExtension(AbstractExtender.java:196)
	at org.apache.felix.scr.impl.AbstractExtender.modifiedBundle(AbstractExtender.java:169)
	at org.apache.felix.scr.impl.AbstractExtender.modifiedBundle(AbstractExtender.java:49)
	at org.osgi.util.tracker.BundleTracker$Tracked.customizerModified(BundleTracker.java:490)
	at org.osgi.util.tracker.BundleTracker$Tracked.customizerModified(BundleTracker.java:1)
	at org.osgi.util.tracker.AbstractTracked.track(AbstractTracked.java:233)
	at org.osgi.util.tracker.BundleTracker$Tracked.bundleChanged(BundleTracker.java:452)
	at org.eclipse.osgi.internal.framework.BundleContextImpl.dispatchEvent(BundleContextImpl.java:975)
	at org.eclipse.osgi.framework.eventmgr.EventManager.dispatchEvent(EventManager.java:230)
	at org.eclipse.osgi.framework.eventmgr.ListenerQueue.dispatchEventSynchronous(ListenerQueue.java:151)
	at org.eclipse.osgi.internal.framework.EquinoxEventPublisher.publishBundleEventPrivileged(EquinoxEventPublisher.java:237)
	at org.eclipse.osgi.internal.framework.EquinoxEventPublisher.publishBundleEvent(EquinoxEventPublisher.java:136)
	at org.eclipse.osgi.internal.framework.EquinoxEventPublisher.publishBundleEvent(EquinoxEventPublisher.java:128)
	at org.eclipse.osgi.internal.framework.EquinoxContainerAdaptor.publishModuleEvent(EquinoxContainerAdaptor.java:232)
	at org.eclipse.osgi.container.Module.publishEvent(Module.java:534)
	at org.eclipse.osgi.container.Module.start(Module.java:518)
	at org.eclipse.osgi.container.ModuleContainer$ContainerStartLevel$2.run(ModuleContainer.java:2110)
	at org.eclipse.osgi.container.ModuleContainer$ContainerStartLevel$1.execute(ModuleContainer.java:2096)
	at org.eclipse.osgi.container.ModuleContainer$ContainerStartLevel.incStartLevel(ModuleContainer.java:2101)
	at org.eclipse.osgi.container.ModuleContainer$ContainerStartLevel.incStartLevel(ModuleContainer.java:2044)
	at org.eclipse.osgi.container.ModuleContainer$ContainerStartLevel.doContainerStartLevel(ModuleContainer.java:2003)
	at org.eclipse.osgi.container.ModuleContainer$ContainerStartLevel.dispatchEvent(ModuleContainer.java:1915)
	at org.eclipse.osgi.container.ModuleContainer$ContainerStartLevel.dispatchEvent(ModuleContainer.java:1)
	at org.eclipse.osgi.framework.eventmgr.EventManager.dispatchEvent(EventManager.java:230)
	at org.eclipse.osgi.framework.eventmgr.EventManager$EventThread.run(EventManager.java:341)

Dump of callerThis
Object type = com.ibm.ws.security.token.ltpa.internal.LTPAConfigurationImpl
  tc = class com.ibm.websphere.ras.TraceComponent@c0f1c2f3
    strings[0] = "TraceComponent[com.ibm.ws.security.token.ltpa.internal.LTPAConfigurationImpl,class com.ibm.ws.security.token.ltpa.internal.LTPAConfigurationImpl,[Token],com.ibm.ws.security.token.ltpa.internal.resources.LTPAMessages,null]"
  KEY_LOCATION_SERVICE = "locationService"
  KEY_EXECUTOR_SERVICE = "executorService"
  KEY_CHANGE_SERVICE = "ltpaKeysChangeNotifier"
  DEFAULT_CONFIG_LOCATION = "${server.config.dir}/resources/security/ltpa.keys"
  DEFAULT_CONFIG_DIRECTORY = "${server.config.dir}/resources/security/"
  DEFAULT_OUTPUT_LOCATION = "${server.output.dir}/resources/security/ltpa.keys"
  KEY_AUTH_FILTER_REF = "authFilterRef"
  KEY_EXP_DIFF_ALLOWED = "expirationDifferenceAllowed"
  KEY_SERVICE_PID = "service.pid"
  locationService = class com.ibm.wsspi.kernel.service.utils.AtomicServiceReference@39a34c62
    referenceName = "locationService"
    contextRef = class java.util.concurrent.atomic.AtomicReference@55f8568e
      serialVersionUID = "/* Could not access serialVersionUID */"
      VALUE = "/* Could not access VALUE */"
      value = "/* Could not access value */"
    references = class java.util.PriorityQueue@77be9c62
      serialVersionUID = "/* Could not access serialVersionUID */"
      DEFAULT_INITIAL_CAPACITY = "/* Could not access DEFAULT_INITIAL_CAPACITY */"
      queue = "/* Could not access queue */"
      size = "/* Could not access size */"
      comparator = "/* Could not access comparator */"
      modCount = "/* Could not access modCount */"
    referencesLock = class java.util.concurrent.locks.ReentrantReadWriteLock@45cfc120
      serialVersionUID = "/* Could not access serialVersionUID */"
      readerLock = "/* Could not access readerLock */"
      writerLock = "/* Could not access writerLock */"
      sync = "/* Could not access sync */"
    serialVersionUID = -5371852544883285473
    $$$tc$$$ = class com.ibm.websphere.ras.TraceComponent@3362fd51
      strings[0] = "TraceComponent[com.ibm.wsspi.kernel.service.utils.AtomicServiceReference,class com.ibm.wsspi.kernel.service.utils.AtomicServiceReference,[kernelUtils],com.ibm.ws.kernel.service.utils.resources.ServiceMessages,null]"
  executorService = class com.ibm.wsspi.kernel.service.utils.AtomicServiceReference@db426143
    referenceName = "executorService"
    contextRef = class java.util.concurrent.atomic.AtomicReference@2831eb0
      serialVersionUID = "/* Could not access serialVersionUID */"
      VALUE = "/* Could not access VALUE */"
      value = "/* Could not access value */"
    references = class java.util.PriorityQueue@39bac388
      serialVersionUID = "/* Could not access serialVersionUID */"
      DEFAULT_INITIAL_CAPACITY = "/* Could not access DEFAULT_INITIAL_CAPACITY */"
      queue = "/* Could not access queue */"
      size = "/* Could not access size */"
      comparator = "/* Could not access comparator */"
      modCount = "/* Could not access modCount */"
    referencesLock = class java.util.concurrent.locks.ReentrantReadWriteLock@22525a5
      serialVersionUID = "/* Could not access serialVersionUID */"
      readerLock = "/* Could not access readerLock */"
      writerLock = "/* Could not access writerLock */"
      sync = "/* Could not access sync */"
    serialVersionUID = -5371852544883285473
    $$$tc$$$ = class com.ibm.websphere.ras.TraceComponent@3362fd51
  ltpaKeysChangeNotifierService = class com.ibm.wsspi.kernel.service.utils.AtomicServiceReference@adec1894
    referenceName = "ltpaKeysChangeNotifier"
    contextRef = class java.util.concurrent.atomic.AtomicReference@c10f42f
      serialVersionUID = "/* Could not access serialVersionUID */"
      VALUE = "/* Could not access VALUE */"
      value = "/* Could not access value */"
    references = class java.util.PriorityQueue@a29501c7
      serialVersionUID = "/* Could not access serialVersionUID */"
      DEFAULT_INITIAL_CAPACITY = "/* Could not access DEFAULT_INITIAL_CAPACITY */"
      queue = "/* Could not access queue */"
      size = "/* Could not access size */"
      comparator = "/* Could not access comparator */"
      modCount = "/* Could not access modCount */"
    referencesLock = class java.util.concurrent.locks.ReentrantReadWriteLock@b36b6d65
      serialVersionUID = "/* Could not access serialVersionUID */"
      readerLock = "/* Could not access readerLock */"
      writerLock = "/* Could not access writerLock */"
      sync = "/* Could not access sync */"
    serialVersionUID = -5371852544883285473
    $$$tc$$$ = class com.ibm.websphere.ras.TraceComponent@3362fd51
  registration = null
  cc = class org.apache.felix.scr.impl.manager.ComponentContextImpl@f1540ab
    m_componentManager = class org.apache.felix.scr.impl.manager.SingleComponentManager@85738752
      m_useCount = class java.util.concurrent.atomic.AtomicInteger@4d53dfb3
      m_componentContext = class org.apache.felix.scr.impl.manager.ComponentContextImpl@f1540ab
      m_configurationProperties = class java.util.HashMap@f8ad3d3a
      m_factoryProperties = null
      m_properties = class java.util.HashMap@b2a36f8a
      m_serviceProperties = null
      REASONS = class java.lang.String[7]
      m_container = class org.apache.felix.scr.impl.ComponentRegistry$DefaultConfigurableComponentHolder@9849395d
      m_factoryInstance = false
      m_componentId = 451
      m_componentMethods = class org.apache.felix.scr.impl.inject.internal.ComponentMethodsImpl@9c7081b2
      m_dependencyManagers = class java.util.ArrayList@39f7b643
      m_dependencyManagersInitialized = true
      m_trackingCount = class java.util.concurrent.atomic.AtomicInteger@61b53359
      m_stateLock = class java.util.concurrent.locks.ReentrantLock@34a9dfcc
      m_enabledLatchRef = class java.util.concurrent.atomic.AtomicReference@8f4446f6
      state = class java.util.concurrent.atomic.AtomicReference@137a0e71
      m_floor = 6
      m_ceiling = 6
      m_missingLock = class java.util.concurrent.locks.ReentrantLock@dbea389d
      m_missingCondition = class java.util.concurrent.locks.AbstractQueuedSynchronizer$ConditionObject@6477a631
      m_missing = class java.util.TreeSet@a247fe58
      m_activationLock = class java.util.concurrent.locks.ReentrantReadWriteLock@3333ad47
      failureReason = null
      taskCounter = class java.util.concurrent.atomic.AtomicLong@a5189fce
      registrationManager = class org.apache.felix.scr.impl.manager.AbstractComponentManager$3@94062783
    edgeInfos = class org.apache.felix.scr.impl.manager.EdgeInfo[4]
      EdgeInfo[0] = class org.apache.felix.scr.impl.manager.EdgeInfo@a315fbc4
      EdgeInfo[1] = class org.apache.felix.scr.impl.manager.EdgeInfo@4008f187
      EdgeInfo[2] = class org.apache.felix.scr.impl.manager.EdgeInfo@ef169351
      EdgeInfo[3] = class org.apache.felix.scr.impl.manager.EdgeInfo@37654df1
    m_componentInstance = class org.apache.felix.scr.impl.manager.ComponentContextImpl$ComponentInstanceImpl@bfac6827
      m_componentContext = class org.apache.felix.scr.impl.manager.ComponentContextImpl@f1540ab
    m_usingBundle = class org.eclipse.osgi.internal.framework.EquinoxBundle@ccf90a0f
      equinoxContainer = class org.eclipse.osgi.internal.framework.EquinoxContainer@b5e008ad
      module = class org.eclipse.osgi.internal.framework.EquinoxBundle$EquinoxModule@ee964911
      monitor = class java.lang.Object@499d5c6e
      context = class org.eclipse.osgi.internal.framework.BundleContextImpl@c2fab1d2
      signedContent = null
      $SWITCH_TABLE$org$eclipse$osgi$container$Module$State = {1,2,3,4,5,6,7} /* array length = 7 */
    m_serviceRegistration = null
    m_implementationObject = class com.ibm.ws.security.token.ltpa.internal.LTPAConfigurationImpl@9f8eb640
    m_implementationAccessible = false
    accessibleLatch = class java.util.concurrent.CountDownLatch@45545e8f
      sync = "/* Could not access sync */"
    serviceObjectsHelper = class org.apache.felix.scr.impl.helper.ComponentServiceObjectsHelper@624f944e
      bundleContext = class org.eclipse.osgi.internal.framework.BundleContextImpl@c2fab1d2
      services = class java.util.concurrent.ConcurrentHashMap@285cc6ef
      closedServices = class java.util.ArrayList@3a9b9f70
      prototypeInstances = class java.util.concurrent.ConcurrentHashMap@58b0707
    boundValues = null
  createTask = null
  factory = null
  ltpaKeyInfoManager = null
  primaryKeyImportFile = "/opt/ibm/wlp/output/defaultServer/resources/security/ltpa.keys"
  primaryKeyImportDir = null
  primaryKeyPassword = null
  tryToReEncryptLtpaKeys = false
  keyTokenExpiration = 0
  monitorInterval = 0
  ltpaFileMonitor = null
  ltpaFileMonitorRegistration = null
  reentrantReadWriteLock = class java.util.concurrent.locks.ReentrantReadWriteLock@1b570559
    serialVersionUID = "/* Could not access serialVersionUID */"
    readerLock = "/* Could not access readerLock */"
    writerLock = "/* Could not access writerLock */"
    sync = "/* Could not access sync */"
  writeLock = class java.util.concurrent.locks.ReentrantReadWriteLock$WriteLock@28c62086
    serialVersionUID = "/* Could not access serialVersionUID */"
    sync = "/* Could not access sync */"
  readLock = class java.util.concurrent.locks.ReentrantReadWriteLock$ReadLock@714201eb
    serialVersionUID = "/* Could not access serialVersionUID */"
    sync = "/* Could not access sync */"
  authFilterRef = null
  expirationDifferenceAllowed = 0
  monitorValidationKeysDir = false
  updateTrigger = null
  validationKeys = class java.util.concurrent.CopyOnWriteArrayList@f41b460c
    serialVersionUID = "/* Could not access serialVersionUID */"
    EMPTY_ELEMENTDATA = "/* Could not access EMPTY_ELEMENTDATA */"
    lock = "/* Could not access lock */"
    array = "/* Could not access array */"
  configValidationKeys = null
  nonConfigValidationKeys = null
  currentlyDeletedFiles = class java.util.HashSet@d8165dc9
    serialVersionUID = "/* Could not access serialVersionUID */"
    map = "/* Could not access map */"
    PRESENT = "/* Could not access PRESENT */"
  allKeysFiles = class java.util.HashSet@3a5c1d0a
    serialVersionUID = "/* Could not access serialVersionUID */"
    map = "/* Could not access map */"
    PRESENT = "/* Could not access PRESENT */"
  isValidationKeysFileConfigured = false
  serialVersionUID = -2282918900392117368

Dump of objectArray[0]
Object type = org.apache.felix.scr.impl.manager.ComponentContextImpl
  m_componentManager = class org.apache.felix.scr.impl.manager.SingleComponentManager@85738752
    m_useCount = class java.util.concurrent.atomic.AtomicInteger@4d53dfb3
      serialVersionUID = "/* Could not access serialVersionUID */"
      U = "/* Could not access U */"
      VALUE = "/* Could not access VALUE */"
      value = "/* Could not access value */"
      serialVersionUID = "/* Could not access serialVersionUID */"
    m_componentContext = class org.apache.felix.scr.impl.manager.ComponentContextImpl@f1540ab
    m_configurationProperties = class java.util.HashMap@f8ad3d3a
      serialVersionUID = "/* Could not access serialVersionUID */"
      DEFAULT_INITIAL_CAPACITY = "/* Could not access DEFAULT_INITIAL_CAPACITY */"
      MAXIMUM_CAPACITY = "/* Could not access MAXIMUM_CAPACITY */"
      DEFAULT_LOAD_FACTOR = "/* Could not access DEFAULT_LOAD_FACTOR */"
      TREEIFY_THRESHOLD = "/* Could not access TREEIFY_THRESHOLD */"
      UNTREEIFY_THRESHOLD = "/* Could not access UNTREEIFY_THRESHOLD */"
      MIN_TREEIFY_CAPACITY = "/* Could not access MIN_TREEIFY_CAPACITY */"
      table = "/* Could not access table */"
      entrySet = "/* Could not access entrySet */"
      size = "/* Could not access size */"
      modCount = "/* Could not access modCount */"
      threshold = "/* Could not access threshold */"
      loadFactor = "/* Could not access loadFactor */"
      keySet = "/* Could not access keySet */"
      values = "/* Could not access values */"
    m_factoryProperties = null
    m_properties = class java.util.HashMap@b2a36f8a
      serialVersionUID = "/* Could not access serialVersionUID */"
      DEFAULT_INITIAL_CAPACITY = "/* Could not access DEFAULT_INITIAL_CAPACITY */"
      MAXIMUM_CAPACITY = "/* Could not access MAXIMUM_CAPACITY */"
      DEFAULT_LOAD_FACTOR = "/* Could not access DEFAULT_LOAD_FACTOR */"
      TREEIFY_THRESHOLD = "/* Could not access TREEIFY_THRESHOLD */"
      UNTREEIFY_THRESHOLD = "/* Could not access UNTREEIFY_THRESHOLD */"
      MIN_TREEIFY_CAPACITY = "/* Could not access MIN_TREEIFY_CAPACITY */"
      table = "/* Could not access table */"
      entrySet = "/* Could not access entrySet */"
      size = "/* Could not access size */"
      modCount = "/* Could not access modCount */"
      threshold = "/* Could not access threshold */"
      loadFactor = "/* Could not access loadFactor */"
      keySet = "/* Could not access keySet */"
      values = "/* Could not access values */"
    m_serviceProperties = null
    REASONS = class java.lang.String[7]
      String[0] = "Unspecified"
      String[1] = "Component disabled"
      String[2] = "Reference became unsatisfied"
      String[3] = "Configuration modified"
      String[4] = "Configuration deleted"
      String[5] = "Component disabled"
      String[6] = "Bundle stopped"
    m_container = class org.apache.felix.scr.impl.ComponentRegistry$DefaultConfigurableComponentHolder@9849395d
      m_activator = class org.apache.felix.scr.impl.BundleComponentActivator@9b36f58e
      m_componentMetadata = class org.apache.felix.scr.impl.metadata.ComponentMetadata@806a0e46
      m_targetedPids = class org.apache.felix.scr.impl.metadata.TargetedPID[1]
      m_changeCount = class java.lang.Long[1]
      m_factoryChangeCount = class java.util.HashMap@d37b932
      m_factoryPidIndex = null
      m_configurations = class java.util.Dictionary[1]
      m_factoryConfigurations = class java.util.HashMap@f1d6eee6
      m_factoryTargetedPids = class java.util.HashMap@b976ed
      m_components = class java.util.HashMap@458ea1ff
      m_singleComponent = class org.apache.felix.scr.impl.manager.SingleComponentManager@85738752
      m_enabled = true
      enableLock = class java.lang.Object@ce3c955f
      m_enablePromise = class org.osgi.util.promise.ResolvedPromiseImpl@2b2c7f82
      m_disablePromise = null
      m_componentMethods = class org.apache.felix.scr.impl.inject.internal.ComponentMethodsImpl@9c7081b2
      logger = class org.apache.felix.scr.impl.logger.ScrLogManager$ScrLoggerFacade@e9e4f962
    m_factoryInstance = false
    m_componentId = 451
    m_componentMethods = class org.apache.felix.scr.impl.inject.internal.ComponentMethodsImpl@9c7081b2
      m_activateMethod = class org.apache.felix.scr.impl.inject.methods.ActivateMethod@79752e24
      m_modifiedMethod = class org.apache.felix.scr.impl.inject.methods.ModifiedMethod@10da55c0
      m_deactivateMethod = class org.apache.felix.scr.impl.inject.methods.DeactivateMethod@1b1cf9bd
      m_constructor = class org.apache.felix.scr.impl.inject.internal.ComponentConstructorImpl@37972663
      bindMethodMap = class java.util.HashMap@4338e8bf
    m_dependencyManagers = class java.util.ArrayList@39f7b643
      serialVersionUID = "/* Could not access serialVersionUID */"
      DEFAULT_CAPACITY = "/* Could not access DEFAULT_CAPACITY */"
      EMPTY_ELEMENTDATA = "/* Could not access EMPTY_ELEMENTDATA */"
      DEFAULTCAPACITY_EMPTY_ELEMENTDATA = "/* Could not access DEFAULTCAPACITY_EMPTY_ELEMENTDATA */"
      elementData = "/* Could not access elementData */"
      size = "/* Could not access size */"
      modCount = "/* Could not access modCount */"
    m_dependencyManagersInitialized = true
    m_trackingCount = class java.util.concurrent.atomic.AtomicInteger@61b53359
      serialVersionUID = "/* Could not access serialVersionUID */"
      U = "/* Could not access U */"
      VALUE = "/* Could not access VALUE */"
      value = "/* Could not access value */"
      serialVersionUID = "/* Could not access serialVersionUID */"
    m_stateLock = class java.util.concurrent.locks.ReentrantLock@34a9dfcc
      serialVersionUID = "/* Could not access serialVersionUID */"
      sync = "/* Could not access sync */"
    m_enabledLatchRef = class java.util.concurrent.atomic.AtomicReference@8f4446f6
      serialVersionUID = "/* Could not access serialVersionUID */"
      VALUE = "/* Could not access VALUE */"
      value = "/* Could not access value */"
    state = class java.util.concurrent.atomic.AtomicReference@137a0e71
      serialVersionUID = "/* Could not access serialVersionUID */"
      VALUE = "/* Could not access VALUE */"
      value = "/* Could not access value */"
    m_floor = 6
    m_ceiling = 6
    m_missingLock = class java.util.concurrent.locks.ReentrantLock@dbea389d
      serialVersionUID = "/* Could not access serialVersionUID */"
      sync = "/* Could not access sync */"
    m_missingCondition = class java.util.concurrent.locks.AbstractQueuedSynchronizer$ConditionObject@6477a631
      serialVersionUID = "/* Could not access serialVersionUID */"
      firstWaiter = "/* Could not access firstWaiter */"
      lastWaiter = "/* Could not access lastWaiter */"
      OOME_COND_WAIT_DELAY = "/* Could not access OOME_COND_WAIT_DELAY */"
      this$0 = "/* Could not access this$0 */"
    m_missing = class java.util.TreeSet@a247fe58
      m = "/* Could not access m */"
      PRESENT = "/* Could not access PRESENT */"
      serialVersionUID = "/* Could not access serialVersionUID */"
    m_activationLock = class java.util.concurrent.locks.ReentrantReadWriteLock@3333ad47
      serialVersionUID = "/* Could not access serialVersionUID */"
      readerLock = "/* Could not access readerLock */"
      writerLock = "/* Could not access writerLock */"
      sync = "/* Could not access sync */"
    failureReason = null
    taskCounter = class java.util.concurrent.atomic.AtomicLong@a5189fce
      serialVersionUID = "/* Could not access serialVersionUID */"
      U = "/* Could not access U */"
      VALUE = "/* Could not access VALUE */"
      value = "/* Could not access value */"
      serialVersionUID = "/* Could not access serialVersionUID */"
    registrationManager = class org.apache.felix.scr.impl.manager.AbstractComponentManager$3@94062783
      this$0 = class org.apache.felix.scr.impl.manager.SingleComponentManager@85738752
      registrationLock = class java.util.concurrent.locks.ReentrantLock@545ec459
      opqueue = class java.util.ArrayList@771ea904
      m_serviceRegistration = null
  edgeInfos = class org.apache.felix.scr.impl.manager.EdgeInfo[4]
    EdgeInfo[0] = class org.apache.felix.scr.impl.manager.EdgeInfo@a315fbc4
      open = 1
      close = -1
      openLatch = class java.util.concurrent.CountDownLatch@1502c31
      closeLatch = class java.util.concurrent.CountDownLatch@9ed2987b
    EdgeInfo[1] = class org.apache.felix.scr.impl.manager.EdgeInfo@4008f187
      open = 4
      close = -1
      openLatch = class java.util.concurrent.CountDownLatch@ba034fe7
      closeLatch = class java.util.concurrent.CountDownLatch@d9a5ce29
    EdgeInfo[2] = class org.apache.felix.scr.impl.manager.EdgeInfo@ef169351
      open = 0
      close = -1
      openLatch = class java.util.concurrent.CountDownLatch@2aa5280d
      closeLatch = class java.util.concurrent.CountDownLatch@926d8ec6
    EdgeInfo[3] = class org.apache.felix.scr.impl.manager.EdgeInfo@37654df1
      open = 5
      close = -1
      openLatch = class java.util.concurrent.CountDownLatch@59f4b7b6
      closeLatch = class java.util.concurrent.CountDownLatch@f2f60c23
  m_componentInstance = class org.apache.felix.scr.impl.manager.ComponentContextImpl$ComponentInstanceImpl@bfac6827
    m_componentContext = class org.apache.felix.scr.impl.manager.ComponentContextImpl@f1540ab
  m_usingBundle = class org.eclipse.osgi.internal.framework.EquinoxBundle@ccf90a0f
    equinoxContainer = class org.eclipse.osgi.internal.framework.EquinoxContainer@b5e008ad
      NAME = "org.eclipse.osgi"
      secureAction = class org.eclipse.osgi.framework.util.SecureAction@8f2cd9da
      connectModules = class org.eclipse.osgi.internal.framework.EquinoxContainer$ConnectModules@14177c7b
      equinoxConfig = class org.eclipse.osgi.internal.framework.EquinoxConfiguration@12ddd10
      logServices = class org.eclipse.osgi.internal.log.EquinoxLogServices@20793c25
      storage = class org.eclipse.osgi.storage.Storage@e243dee0
      bootDelegation = class java.util.HashSet@1cf85076
      bootDelegationStems = class java.lang.String[12]
      bootDelegateAll = false
      isProcessClassRecursionSupportedByAll = false
      eventPublisher = class org.eclipse.osgi.internal.framework.EquinoxEventPublisher@13f14295
      monitor = class java.lang.Object@1928ade2
      bootLoader = class jdk.internal.loader.ClassLoaders$PlatformClassLoader@1c46e07d
      serviceRegistry = class org.eclipse.osgi.internal.serviceregistry.ServiceRegistry@27df7093
      contextFinder = class org.eclipse.osgi.internal.framework.ContextFinder@7bda7565
      signedContentFactory = class org.osgi.util.tracker.ServiceTracker@6983b63
      executor = class java.util.concurrent.ScheduledThreadPoolExecutor@64a8314b
      storageSaver = class org.eclipse.osgi.internal.framework.StorageSaver@75a65c4c
    module = class org.eclipse.osgi.internal.framework.EquinoxBundle$EquinoxModule@ee964911
      this$0 = class org.eclipse.osgi.internal.framework.EquinoxBundle@ccf90a0f
      ACTIVE_SET = class java.util.RegularEnumSet@8315962f
      RESOLVED_SET = class java.util.RegularEnumSet@9721cc69
      id = 171
      location = "feature@reference:file:/opt/ibm/wlp/lib/com.ibm.ws.security.token.ltpa_1.0.111.cl260320260314-0319.jar"
      revisions = class org.eclipse.osgi.container.ModuleRevisions@2473bda9
      stateChangeLock = class org.eclipse.osgi.internal.container.EquinoxReentrantLock@a0bf2068
      stateTransitionEvents = class java.util.RegularEnumSet@6133654
      settings = class java.util.RegularEnumSet@9e7a2ec8
      inStart = class java.util.concurrent.atomic.AtomicInteger@b7785cc1
      state = class org.eclipse.osgi.container.Module$State@3fcea2b3
      startlevel = 12
      lastModified = 1788680861751
      VALID_RESOLVED_TRANSITION = class java.util.RegularEnumSet@e1eb7156
      VALID_STOPPED_TRANSITION = class java.util.RegularEnumSet@278244d3
      $SWITCH_TABLE$org$eclipse$osgi$container$ModuleContainerAdaptor$ModuleEvent = {1,2,3,4,5,6,7,8,9,10} /* array length = 10 */
    monitor = class java.lang.Object@499d5c6e
    context = class org.eclipse.osgi.internal.framework.BundleContextImpl@c2fab1d2
    signedContent = null
    $SWITCH_TABLE$org$eclipse$osgi$container$Module$State = {1,2,3,4,5,6,7} /* array length = 7 */
  m_serviceRegistration = null
  m_implementationObject = class com.ibm.ws.security.token.ltpa.internal.LTPAConfigurationImpl@9f8eb640
    tc = class com.ibm.websphere.ras.TraceComponent@c0f1c2f3
      strings[0] = "TraceComponent[com.ibm.ws.security.token.ltpa.internal.LTPAConfigurationImpl,class com.ibm.ws.security.token.ltpa.internal.LTPAConfigurationImpl,[Token],com.ibm.ws.security.token.ltpa.internal.resources.LTPAMessages,null]"
    KEY_LOCATION_SERVICE = "locationService"
    KEY_EXECUTOR_SERVICE = "executorService"
    KEY_CHANGE_SERVICE = "ltpaKeysChangeNotifier"
    DEFAULT_CONFIG_LOCATION = "${server.config.dir}/resources/security/ltpa.keys"
    DEFAULT_CONFIG_DIRECTORY = "${server.config.dir}/resources/security/"
    DEFAULT_OUTPUT_LOCATION = "${server.output.dir}/resources/security/ltpa.keys"
    KEY_AUTH_FILTER_REF = "authFilterRef"
    KEY_EXP_DIFF_ALLOWED = "expirationDifferenceAllowed"
    KEY_SERVICE_PID = "service.pid"
    locationService = class com.ibm.wsspi.kernel.service.utils.AtomicServiceReference@39a34c62
      referenceName = "locationService"
      contextRef = class java.util.concurrent.atomic.AtomicReference@55f8568e
      references = class java.util.PriorityQueue@77be9c62
      referencesLock = class java.util.concurrent.locks.ReentrantReadWriteLock@45cfc120
      serialVersionUID = -5371852544883285473
      $$$tc$$$ = class com.ibm.websphere.ras.TraceComponent@3362fd51
    executorService = class com.ibm.wsspi.kernel.service.utils.AtomicServiceReference@db426143
      referenceName = "executorService"
      contextRef = class java.util.concurrent.atomic.AtomicReference@2831eb0
      references = class java.util.PriorityQueue@39bac388
      referencesLock = class java.util.concurrent.locks.ReentrantReadWriteLock@22525a5
      serialVersionUID = -5371852544883285473
      $$$tc$$$ = class com.ibm.websphere.ras.TraceComponent@3362fd51
    ltpaKeysChangeNotifierService = class com.ibm.wsspi.kernel.service.utils.AtomicServiceReference@adec1894
      referenceName = "ltpaKeysChangeNotifier"
      contextRef = class java.util.concurrent.atomic.AtomicReference@c10f42f
      references = class java.util.PriorityQueue@a29501c7
      referencesLock = class java.util.concurrent.locks.ReentrantReadWriteLock@b36b6d65
      serialVersionUID = -5371852544883285473
      $$$tc$$$ = class com.ibm.websphere.ras.TraceComponent@3362fd51
    registration = null
    cc = class org.apache.felix.scr.impl.manager.ComponentContextImpl@f1540ab
    createTask = null
    factory = null
    ltpaKeyInfoManager = null
    primaryKeyImportFile = "/opt/ibm/wlp/output/defaultServer/resources/security/ltpa.keys"
    primaryKeyImportDir = null
    primaryKeyPassword = null
    tryToReEncryptLtpaKeys = false
    keyTokenExpiration = 0
    monitorInterval = 0
    ltpaFileMonitor = null
    ltpaFileMonitorRegistration = null
    reentrantReadWriteLock = class java.util.concurrent.locks.ReentrantReadWriteLock@1b570559
      serialVersionUID = "/* Could not access serialVersionUID */"
      readerLock = "/* Could not access readerLock */"
      writerLock = "/* Could not access writerLock */"
      sync = "/* Could not access sync */"
    writeLock = class java.util.concurrent.locks.ReentrantReadWriteLock$WriteLock@28c62086
      serialVersionUID = "/* Could not access serialVersionUID */"
      sync = "/* Could not access sync */"
    readLock = class java.util.concurrent.locks.ReentrantReadWriteLock$ReadLock@714201eb
      serialVersionUID = "/* Could not access serialVersionUID */"
      sync = "/* Could not access sync */"
    authFilterRef = null
    expirationDifferenceAllowed = 0
    monitorValidationKeysDir = false
    updateTrigger = null
    validationKeys = class java.util.concurrent.CopyOnWriteArrayList@f41b460c
      serialVersionUID = "/* Could not access serialVersionUID */"
      EMPTY_ELEMENTDATA = "/* Could not access EMPTY_ELEMENTDATA */"
      lock = "/* Could not access lock */"
      array = "/* Could not access array */"
    configValidationKeys = null
    nonConfigValidationKeys = null
    currentlyDeletedFiles = class java.util.HashSet@d8165dc9
      serialVersionUID = "/* Could not access serialVersionUID */"
      map = "/* Could not access map */"
      PRESENT = "/* Could not access PRESENT */"
    allKeysFiles = class java.util.HashSet@3a5c1d0a
      serialVersionUID = "/* Could not access serialVersionUID */"
      map = "/* Could not access map */"
      PRESENT = "/* Could not access PRESENT */"
    isValidationKeysFileConfigured = false
    serialVersionUID = -2282918900392117368
  m_implementationAccessible = false
  accessibleLatch = class java.util.concurrent.CountDownLatch@45545e8f
    sync = "/* Could not access sync */"
  serviceObjectsHelper = class org.apache.felix.scr.impl.helper.ComponentServiceObjectsHelper@624f944e
    bundleContext = class org.eclipse.osgi.internal.framework.BundleContextImpl@c2fab1d2
      valid = true
      bundle = class org.eclipse.osgi.internal.framework.EquinoxBundle@ccf90a0f
      container = class org.eclipse.osgi.internal.framework.EquinoxContainer@b5e008ad
      debug = class org.eclipse.osgi.internal.debug.Debug@a325635a
      servicesInUse = class java.util.HashMap@59dbbc80
      activator = null
      contextLock = class java.lang.Object@a02dfd6f
    services = class java.util.concurrent.ConcurrentHashMap@285cc6ef
      serialVersionUID = "/* Could not access serialVersionUID */"
      MAXIMUM_CAPACITY = "/* Could not access MAXIMUM_CAPACITY */"
      DEFAULT_CAPACITY = "/* Could not access DEFAULT_CAPACITY */"
      MAX_ARRAY_SIZE = "/* Could not access MAX_ARRAY_SIZE */"
      DEFAULT_CONCURRENCY_LEVEL = "/* Could not access DEFAULT_CONCURRENCY_LEVEL */"
      LOAD_FACTOR = "/* Could not access LOAD_FACTOR */"
      TREEIFY_THRESHOLD = "/* Could not access TREEIFY_THRESHOLD */"
      UNTREEIFY_THRESHOLD = "/* Could not access UNTREEIFY_THRESHOLD */"
      MIN_TREEIFY_CAPACITY = "/* Could not access MIN_TREEIFY_CAPACITY */"
      MIN_TRANSFER_STRIDE = "/* Could not access MIN_TRANSFER_STRIDE */"
      RESIZE_STAMP_BITS = "/* Could not access RESIZE_STAMP_BITS */"
      MAX_RESIZERS = "/* Could not access MAX_RESIZERS */"
      RESIZE_STAMP_SHIFT = "/* Could not access RESIZE_STAMP_SHIFT */"
      MOVED = "/* Could not access MOVED */"
      TREEBIN = "/* Could not access TREEBIN */"
      RESERVED = "/* Could not access RESERVED */"
      HASH_BITS = "/* Could not access HASH_BITS */"
      NCPU = "/* Could not access NCPU */"
      serialPersistentFields = "/* Could not access serialPersistentFields */"
      table = "/* Could not access table */"
      nextTable = "/* Could not access nextTable */"
      baseCount = "/* Could not access baseCount */"
      sizeCtl = "/* Could not access sizeCtl */"
      transferIndex = "/* Could not access transferIndex */"
      cellsBusy = "/* Could not access cellsBusy */"
      counterCells = "/* Could not access counterCells */"
      keySet = "/* Could not access keySet */"
      values = "/* Could not access values */"
      entrySet = "/* Could not access entrySet */"
      U = "/* Could not access U */"
      SIZECTL = "/* Could not access SIZECTL */"
      TRANSFERINDEX = "/* Could not access TRANSFERINDEX */"
      BASECOUNT = "/* Could not access BASECOUNT */"
      CELLSBUSY = "/* Could not access CELLSBUSY */"
      CELLVALUE = "/* Could not access CELLVALUE */"
      ABASE = "/* Could not access ABASE */"
      ASHIFT = "/* Could not access ASHIFT */"
      keySet = "/* Could not access keySet */"
      values = "/* Could not access values */"
    closedServices = class java.util.ArrayList@3a9b9f70
      serialVersionUID = "/* Could not access serialVersionUID */"
      DEFAULT_CAPACITY = "/* Could not access DEFAULT_CAPACITY */"
      EMPTY_ELEMENTDATA = "/* Could not access EMPTY_ELEMENTDATA */"
      DEFAULTCAPACITY_EMPTY_ELEMENTDATA = "/* Could not access DEFAULTCAPACITY_EMPTY_ELEMENTDATA */"
      elementData = "/* Could not access elementData */"
      size = "/* Could not access size */"
      modCount = "/* Could not access modCount */"
    prototypeInstances = class java.util.concurrent.ConcurrentHashMap@58b0707
      serialVersionUID = "/* Could not access serialVersionUID */"
      MAXIMUM_CAPACITY = "/* Could not access MAXIMUM_CAPACITY */"
      DEFAULT_CAPACITY = "/* Could not access DEFAULT_CAPACITY */"
      MAX_ARRAY_SIZE = "/* Could not access MAX_ARRAY_SIZE */"
      DEFAULT_CONCURRENCY_LEVEL = "/* Could not access DEFAULT_CONCURRENCY_LEVEL */"
      LOAD_FACTOR = "/* Could not access LOAD_FACTOR */"
      TREEIFY_THRESHOLD = "/* Could not access TREEIFY_THRESHOLD */"
      UNTREEIFY_THRESHOLD = "/* Could not access UNTREEIFY_THRESHOLD */"
      MIN_TREEIFY_CAPACITY = "/* Could not access MIN_TREEIFY_CAPACITY */"
      MIN_TRANSFER_STRIDE = "/* Could not access MIN_TRANSFER_STRIDE */"
      RESIZE_STAMP_BITS = "/* Could not access RESIZE_STAMP_BITS */"
      MAX_RESIZERS = "/* Could not access MAX_RESIZERS */"
      RESIZE_STAMP_SHIFT = "/* Could not access RESIZE_STAMP_SHIFT */"
      MOVED = "/* Could not access MOVED */"
      TREEBIN = "/* Could not access TREEBIN */"
      RESERVED = "/* Could not access RESERVED */"
      HASH_BITS = "/* Could not access HASH_BITS */"
      NCPU = "/* Could not access NCPU */"
      serialPersistentFields = "/* Could not access serialPersistentFields */"
      table = "/* Could not access table */"
      nextTable = "/* Could not access nextTable */"
      baseCount = "/* Could not access baseCount */"
      sizeCtl = "/* Could not access sizeCtl */"
      transferIndex = "/* Could not access transferIndex */"
      cellsBusy = "/* Could not access cellsBusy */"
      counterCells = "/* Could not access counterCells */"
      keySet = "/* Could not access keySet */"
      values = "/* Could not access values */"
      entrySet = "/* Could not access entrySet */"
      U = "/* Could not access U */"
      SIZECTL = "/* Could not access SIZECTL */"
      TRANSFERINDEX = "/* Could not access TRANSFERINDEX */"
      BASECOUNT = "/* Could not access BASECOUNT */"
      CELLSBUSY = "/* Could not access CELLSBUSY */"
      CELLVALUE = "/* Could not access CELLVALUE */"
      ABASE = "/* Could not access ABASE */"
      ASHIFT = "/* Could not access ASHIFT */"
      keySet = "/* Could not access keySet */"
      values = "/* Could not access values */"
  boundValues = null

Dump of objectArray[1]
Object type = org.apache.felix.scr.impl.helper.ReadOnlyDictionary
  m_delegate = class java.util.Hashtable@db140d92
    table = "/* Could not access table */"
    count = "/* Could not access count */"
    threshold = "/* Could not access threshold */"
    loadFactor = "/* Could not access loadFactor */"
    modCount = "/* Could not access modCount */"
    serialVersionUID = "/* Could not access serialVersionUID */"
    MAX_ARRAY_SIZE = "/* Could not access MAX_ARRAY_SIZE */"
    keySet = "/* Could not access keySet */"
    entrySet = "/* Could not access entrySet */"
    values = "/* Could not access values */"
    KEYS = "/* Could not access KEYS */"
    VALUES = "/* Could not access VALUES */"
    ENTRIES = "/* Could not access ENTRIES */"
  m_serviceReference = null

