------Start of DE processing------ = [9/6/26, 7:45:29:775 GMT ]
Exception = com.ibm.websphere.config.ConfigParserException
Source = com.ibm.ws.config.xml.internal.ServerXMLConfiguration
probeid = 429
Stack Dump = com.ibm.websphere.config.ConfigParserException: ParseError at [row,col]:[1,1]
Message: Premature end of file.
	at com.ibm.ws.config.xml.internal.XMLConfigParser.parseServerConfiguration(XMLConfigParser.java:267)
	at com.ibm.ws.config.xml.internal.XMLConfigParser.parseServerConfiguration(XMLConfigParser.java:206)
	at com.ibm.ws.config.xml.internal.XMLConfigParser.parseServerConfiguration(XMLConfigParser.java:136)
	at com.ibm.ws.config.xml.internal.ServerXMLConfiguration.parseDirectoryFiles(ServerXMLConfiguration.java:428)
	at com.ibm.ws.config.xml.internal.ServerXMLConfiguration.loadServerConfiguration(ServerXMLConfiguration.java:337)
	at com.ibm.ws.config.xml.internal.ServerXMLConfiguration.loadNewConfiguration(ServerXMLConfiguration.java:450)
	at com.ibm.ws.config.xml.internal.ConfigRefresher.doRefresh(ConfigRefresher.java:130)
	at com.ibm.ws.config.xml.internal.ConfigRefresher.refreshConfiguration(ConfigRefresher.java:112)
	at com.ibm.ws.config.xml.internal.ConfigRefresher.refreshConfigurationIfServerXMLExists(ConfigRefresher.java:107)
	at com.ibm.ws.config.xml.internal.ConfigFileMonitor.onChange(ConfigFileMonitor.java:146)
	at com.ibm.ws.kernel.filemonitor.internal.MonitorHolder.scheduledScan(MonitorHolder.java:707)
	at com.ibm.ws.kernel.filemonitor.internal.MonitorHolder.run(MonitorHolder.java:560)
	at com.ibm.ws.threading.internal.SchedulingRunnableFixedHelper.run(SchedulingRunnableFixedHelper.java:292)
	at java.base/java.util.concurrent.Executors$RunnableAdapter.call(Executors.java:545)
	at java.base/java.util.concurrent.FutureTask.run(FutureTask.java:328)
	at com.ibm.ws.threading.internal.ExecutorServiceImpl$RunnableWrapper.run(ExecutorServiceImpl.java:344)
	at java.base/java.util.concurrent.ThreadPoolExecutor.runWorker(ThreadPoolExecutor.java:1090)
	at java.base/java.util.concurrent.ThreadPoolExecutor$Worker.run(ThreadPoolExecutor.java:614)
	at java.base/java.lang.Thread.run(Thread.java:1485)
Caused by: javax.xml.stream.XMLStreamException: ParseError at [row,col]:[1,1]
Message: Premature end of file.
	at java.xml/com.sun.org.apache.xerces.internal.impl.XMLStreamReaderImpl.next(XMLStreamReaderImpl.java:652)
	at java.xml/javax.xml.stream.util.StreamReaderDelegate.next(StreamReaderDelegate.java:84)
	at com.ibm.ws.config.xml.internal.DepthAwareXMLStreamReader.next(DepthAwareXMLStreamReader.java:36)
	at com.ibm.ws.config.xml.internal.XMLConfigParser.parseServerConfiguration(XMLConfigParser.java:248)
	... 18 more

Dump of callerThis
Object type = com.ibm.ws.config.xml.internal.ServerXMLConfiguration
  tc = class com.ibm.websphere.ras.TraceComponent@ed91fd80
    strings[0] = "TraceComponent[com.ibm.ws.config.xml.internal.ServerXMLConfiguration,class com.ibm.ws.config.xml.internal.ServerXMLConfiguration,[config],com.ibm.ws.config.internal.resources.ConfigMessages,null]"
  configRoot = class com.ibm.ws.kernel.service.location.internal.LocalFileResource@f7c6fde2
    strings[0] = "LocalFileResource[FILE;@-2127916981;${server.config.dir}/server.xml;/opt/ibm/wlp/usr/servers/defaultServer/server.xml]"
  configDropinDefaults = class com.ibm.ws.kernel.service.location.internal.LocalFileResource@64d25f28
    strings[0] = "LocalFileResource[DIRECTORY;@1000000140;${server.config.dir}/configDropins/defaults/;/opt/ibm/wlp/usr/servers/defaultServer/configDropins/defaults/]"
  configDropinOverrides = class com.ibm.ws.kernel.service.location.internal.LocalFileResource@973a712c
    strings[0] = "LocalFileResource[DIRECTORY;@-1517665703;${server.config.dir}/configDropins/overrides/;/opt/ibm/wlp/usr/servers/defaultServer/configDropins/overrides/]"
  bundleContext = class org.eclipse.osgi.internal.framework.BundleContextImpl@7921669a
    valid = true
    bundle = class org.eclipse.osgi.internal.framework.EquinoxBundle@c6123169
      equinoxContainer = class org.eclipse.osgi.internal.framework.EquinoxContainer@bcfd2051
      module = class org.eclipse.osgi.internal.framework.EquinoxBundle$EquinoxModule@c1a0c723
      monitor = class java.lang.Object@fd1aadfd
      context = class org.eclipse.osgi.internal.framework.BundleContextImpl@7921669a
      signedContent = null
      $SWITCH_TABLE$org$eclipse$osgi$container$Module$State = {1,2,3,4,5,6,7} /* array length = 7 */
    container = class org.eclipse.osgi.internal.framework.EquinoxContainer@bcfd2051
      NAME = "org.eclipse.osgi"
      secureAction = class org.eclipse.osgi.framework.util.SecureAction@6a63754b
      connectModules = class org.eclipse.osgi.internal.framework.EquinoxContainer$ConnectModules@cc98380b
      equinoxConfig = class org.eclipse.osgi.internal.framework.EquinoxConfiguration@dc710a9c
      logServices = class org.eclipse.osgi.internal.log.EquinoxLogServices@486886c
      storage = class org.eclipse.osgi.storage.Storage@57fba427
      bootDelegation = class java.util.HashSet@17528a5c
      bootDelegationStems = class java.lang.String[12]
      bootDelegateAll = false
      isProcessClassRecursionSupportedByAll = false
      eventPublisher = class org.eclipse.osgi.internal.framework.EquinoxEventPublisher@dbeb6082
      monitor = class java.lang.Object@304b679
      bootLoader = class jdk.internal.loader.ClassLoaders$PlatformClassLoader@33cba037
      serviceRegistry = class org.eclipse.osgi.internal.serviceregistry.ServiceRegistry@1661bc9f
      contextFinder = class org.eclipse.osgi.internal.framework.ContextFinder@8de13e
      signedContentFactory = class org.osgi.util.tracker.ServiceTracker@721e75d2
      executor = class java.util.concurrent.ScheduledThreadPoolExecutor@c8edb584
      storageSaver = class org.eclipse.osgi.internal.framework.StorageSaver@9ffadbe6
    debug = class org.eclipse.osgi.internal.debug.Debug@732c4063
      EQUINOX_TRACE = "EQUINOX.TRACE"
      ECLIPSE_OSGI = "org.eclipse.osgi"
      OPTION_DEBUG_GENERAL = "org.eclipse.osgi/debug"
      OPTION_DEBUG_BUNDLE_TIME = "org.eclipse.osgi/debug/bundleTime"
      OPTION_DEBUG_BUNDLE_START_TIME = "org.eclipse.osgi/debug/bundleStartTime"
      OPTION_DEBUG_LOADER = "org.eclipse.osgi/debug/loader"
      OPTION_DEBUG_LOADER_PACKAGES = "org.eclipse.osgi/debug/loader/packages"
      OPTION_DEBUG_LOADER_DYAMIC_IMPORT = "org.eclipse.osgi/debug/loader/dynamicImport"
      OPTION_DEBUG_LOADER_CDS = "org.eclipse.osgi/debug/loader/cds"
      OPTION_DEBUG_STORAGE = "org.eclipse.osgi/debug/storage"
      OPTION_DEBUG_EVENTS = "org.eclipse.osgi/debug/events"
      OPTION_DEBUG_SERVICES = "org.eclipse.osgi/debug/services"
      OPTION_DEBUG_HOOKS = "org.eclipse.osgi/debug/hooks"
      OPTION_DEBUG_SECURITY = "org.eclipse.osgi/debug/security"
      OPTION_DEBUG_STARTLEVEL = "org.eclipse.osgi/debug/startlevel"
      OPTION_MONITOR_ACTIVATION = "org.eclipse.osgi/monitor/activation"
      OPTION_MONITOR_LAZY = "org.eclipse.osgi/monitor/lazy"
      OPTION_DEBUG_MESSAGE_BUNDLES = "org.eclipse.osgi/debug/messageBundles"
      OPTION_DEBUG_LOCATION = "org.eclipse.osgi/debug/location"
      OPTION_CACHED_MANIFEST = "org.eclipse.osgi/debug/cachedmanifest"
      OPTION_DEBUG_SYSTEM_BUNDLE = "org.eclipse.osgi/debug/systemBundle"
      OPTION_DEBUG_BUNDLE_FILE = "org.eclipse.osgi/debug/bundleFile"
      OPTION_DEBUG_BUNDLE_FILE_OPEN = "org.eclipse.osgi/debug/bundleFile/open"
      OPTION_DEBUG_BUNDLE_FILE_CLOSE = "org.eclipse.osgi/debug/bundleFile/close"
      DEBUG_GENERAL = false
      DEBUG_BUNDLE_TIME = false
      DEBUG_LOADER = false
      DEBUG_LOADER_PACKAGES = true
      DEBUG_LOADER_PACKAGES_SET = class java.util.Collections$UnmodifiableSet@5f88abe4
      DEBUG_LOADER_DYNAMIC_IMPORT = false
      DEBUG_LOADER_CDS = false
      DEBUG_STORAGE = false
      DEBUG_EVENTS = false
      DEBUG_SERVICES = false
      DEBUG_HOOKS = false
      DEBUG_SECURITY = false
      DEBUG_STARTLEVEL = false
      MONITOR_ACTIVATION = false
      DEBUG_LOCATION = false
      DEBUG_CACHED_MANIFEST = false
      DEBUG_SYSTEM_BUNDLE = false
      DEBUG_BUNDLE_FILE = false
      DEBUG_BUNDLE_FILE_OPEN = false
      DEBUG_BUNDLE_FILE_CLOSE = false
      out = class com.ibm.ws.logging.internal.impl.BaseTraceService$TeePrintStream@b21be3a3
      logService = null
    servicesInUse = class java.util.HashMap@67f19f0f
      serialVersionUID = "/* Could not access serialVersionUID */"
      DEFAULT_INITIAL_CAPACITY = "/* Could not access DEFAULT_INITIAL_CAPACITY */"
      MAXIMUM_CAPACITY = "/* Could not access MAXIMUM_CAPACITY */"
      DEFAULT_LOAD_FACTOR = "/* Could not access DEFAULT_LOAD_FACTOR */"
      TREEIFY_THRESHOLD = "/* Could not access TREEIFY_THRESHOLD */"
      UNTREEIFY_THRESHOLD = "/* Could not access UNTREEIFY_THRESHOLD */"
      MIN_TREEIFY_CAPACITY = "/* Could not access MIN_TREEIFY_CAPACITY */"
      table = "/* Could not access table */"
      entrySet = "/* Could not access entrySet */"
      size = "/* Could not access size */"
      modCount = "/* Could not access modCount */"
      threshold = "/* Could not access threshold */"
      loadFactor = "/* Could not access loadFactor */"
      keySet = "/* Could not access keySet */"
      values = "/* Could not access values */"
    activator = class com.ibm.ws.config.internal.WSConfigActivator@2b0cd059
      adminActivator = class com.ibm.ws.config.admin.internal.WSConfigAdminActivator@6ec5271
      xmlActivator = class com.ibm.ws.config.xml.internal.WSConfigXMLActivator@e62b700a
      serialVersionUID = 3040192920229849712
      $$$tc$$$ = class com.ibm.websphere.ras.TraceComponent@5567119f
    contextLock = class java.lang.Object@bce91c03
  serverConfiguration = class com.ibm.ws.config.xml.internal.ServerConfiguration@8c1ad5eb
    tc = class com.ibm.websphere.ras.TraceComponent@e138bfc3
      strings[0] = "TraceComponent[com.ibm.ws.config.xml.internal.ServerConfiguration,class com.ibm.ws.config.xml.internal.ServerConfiguration,[config],com.ibm.ws.config.internal.resources.ConfigMessages,null]"
    defaultConfiguration = class com.ibm.ws.config.xml.internal.BaseConfiguration@47e9b821
      tc = class com.ibm.websphere.ras.TraceComponent@aa8f37d3
      description = null
      lastModified = -1
      includes = class java.util.ArrayList@987f5ee4
      variables = class java.util.HashMap@172f0376
      configurationMap = class java.util.concurrent.ConcurrentHashMap@5d6bb4d9
      serialVersionUID = -159255561566098348
    serialVersionUID = 7414098309658288123
    tc = class com.ibm.websphere.ras.TraceComponent@aa8f37d3
      strings[0] = "TraceComponent[com.ibm.ws.config.xml.internal.BaseConfiguration,class com.ibm.ws.config.xml.internal.BaseConfiguration,[config],com.ibm.ws.config.internal.resources.ConfigMessages,null]"
    description = "Default Server"
    lastModified = 1788678568312
    includes = class java.util.ArrayList@d79148f7
      serialVersionUID = "/* Could not access serialVersionUID */"
      DEFAULT_CAPACITY = "/* Could not access DEFAULT_CAPACITY */"
      EMPTY_ELEMENTDATA = "/* Could not access EMPTY_ELEMENTDATA */"
      DEFAULTCAPACITY_EMPTY_ELEMENTDATA = "/* Could not access DEFAULTCAPACITY_EMPTY_ELEMENTDATA */"
      elementData = "/* Could not access elementData */"
      size = "/* Could not access size */"
      modCount = "/* Could not access modCount */"
    variables = class java.util.HashMap@959d1550
      serialVersionUID = "/* Could not access serialVersionUID */"
      DEFAULT_INITIAL_CAPACITY = "/* Could not access DEFAULT_INITIAL_CAPACITY */"
      MAXIMUM_CAPACITY = "/* Could not access MAXIMUM_CAPACITY */"
      DEFAULT_LOAD_FACTOR = "/* Could not access DEFAULT_LOAD_FACTOR */"
      TREEIFY_THRESHOLD = "/* Could not access TREEIFY_THRESHOLD */"
      UNTREEIFY_THRESHOLD = "/* Could not access UNTREEIFY_THRESHOLD */"
      MIN_TREEIFY_CAPACITY = "/* Could not access MIN_TREEIFY_CAPACITY */"
      table = "/* Could not access table */"
      entrySet = "/* Could not access entrySet */"
      size = "/* Could not access size */"
      modCount = "/* Could not access modCount */"
      threshold = "/* Could not access threshold */"
      loadFactor = "/* Could not access loadFactor */"
      keySet = "/* Could not access keySet */"
      values = "/* Could not access values */"
    configurationMap = class java.util.concurrent.ConcurrentHashMap@cc0a3b0c
      serialVersionUID = "/* Could not access serialVersionUID */"
      MAXIMUM_CAPACITY = "/* Could not access MAXIMUM_CAPACITY */"
      DEFAULT_CAPACITY = "/* Could not access DEFAULT_CAPACITY */"
      MAX_ARRAY_SIZE = "/* Could not access MAX_ARRAY_SIZE */"
      DEFAULT_CONCURRENCY_LEVEL = "/* Could not access DEFAULT_CONCURRENCY_LEVEL */"
      LOAD_FACTOR = "/* Could not access LOAD_FACTOR */"
      TREEIFY_THRESHOLD = "/* Could not access TREEIFY_THRESHOLD */"
      UNTREEIFY_THRESHOLD = "/* Could not access UNTREEIFY_THRESHOLD */"
      MIN_TREEIFY_CAPACITY = "/* Could not access MIN_TREEIFY_CAPACITY */"
      MIN_TRANSFER_STRIDE = "/* Could not access MIN_TRANSFER_STRIDE */"
      RESIZE_STAMP_BITS = "/* Could not access RESIZE_STAMP_BITS */"
      MAX_RESIZERS = "/* Could not access MAX_RESIZERS */"
      RESIZE_STAMP_SHIFT = "/* Could not access RESIZE_STAMP_SHIFT */"
      MOVED = "/* Could not access MOVED */"
      TREEBIN = "/* Could not access TREEBIN */"
      RESERVED = "/* Could not access RESERVED */"
      HASH_BITS = "/* Could not access HASH_BITS */"
      NCPU = "/* Could not access NCPU */"
      serialPersistentFields = "/* Could not access serialPersistentFields */"
      table = "/* Could not access table */"
      nextTable = "/* Could not access nextTable */"
      baseCount = "/* Could not access baseCount */"
      sizeCtl = "/* Could not access sizeCtl */"
      transferIndex = "/* Could not access transferIndex */"
      cellsBusy = "/* Could not access cellsBusy */"
      counterCells = "/* Could not access counterCells */"
      keySet = "/* Could not access keySet */"
      values = "/* Could not access values */"
      entrySet = "/* Could not access entrySet */"
      U = "/* Could not access U */"
      SIZECTL = "/* Could not access SIZECTL */"
      TRANSFERINDEX = "/* Could not access TRANSFERINDEX */"
      BASECOUNT = "/* Could not access BASECOUNT */"
      CELLSBUSY = "/* Could not access CELLSBUSY */"
      CELLVALUE = "/* Could not access CELLVALUE */"
      ABASE = "/* Could not access ABASE */"
      ASHIFT = "/* Could not access ASHIFT */"
      keySet = "/* Could not access keySet */"
      values = "/* Could not access values */"
    serialVersionUID = -159255561566098348
  CONFIG_DROPINS = "configDropins"
  CONFIG_DROPIN_DEFAULTS = "configDropins/defaults/"
  CONFIG_DROPIN_OVERRIDES = "configDropins/overrides/"
  configReadTime = 1788678568312
  parser = class com.ibm.ws.config.xml.internal.XMLConfigParser@9d98ca4
    VARIABLE = "variable"
    INCLUDE = "include"
    VARIABLE_VALUE = "value"
    VARIABLE_DEFAULT_VALUE = "defaultValue"
    VARIABLE_NAME = "name"
    tc = class com.ibm.websphere.ras.TraceComponent@1ad5661f
      strings[0] = "TraceComponent[com.ibm.ws.config.xml.internal.XMLConfigParser,class com.ibm.ws.config.xml.internal.XMLConfigParser,[config],com.ibm.ws.config.internal.resources.ConfigMessages,null]"
    IS_SUPPORTING_LOCATION_COORDINATES_PROPERTY = "javax.xml.stream.isSupportingLocationCoordinates"
    BEHAVIOR_ATTRIBUTE = "onConflict"
    REQUIRE_EXISTING = "requireExisting"
    REQUIRE_DOES_NOT_EXIST = "addIfMissing"
    sequenceCounter = 116
    locationService = class com.ibm.ws.kernel.service.location.internal.WsLocationAdminImpl@25131562
      tc = class com.ibm.websphere.ras.TraceComponent@24afba1f
      LOC_INTERNAL_LIB_DIR = "wlp.lib.dir"
      LOC_INTERNAL_WORKAREA_DIR = "wlp.workarea.dir"
      LOC_AREA_NAME_APPS = "shared/apps/"
      LOC_AREA_NAME_CONFIG = "shared/config/"
      LOC_AREA_NAME_RESC = "shared/resources/"
      LOC_AREA_NAME_STATE = "logs/state/"
      LOC_AREA_NAME_SERVERS = "servers/"
      LOC_AREA_NAME_CLIENTS = "clients/"
      LOC_AREA_NAME_WORKING = "workarea/"
      LOC_AREA_NAME_LOGS = "logs/"
      LOC_AREA_NAME_EXTENSION = "extension/"
      instance = class com.ibm.ws.kernel.service.location.internal.WsLocationAdminImpl@25131562
      installRoot = class com.ibm.ws.kernel.service.location.internal.SymbolicRootResource@a7b13af8
      installParentRoot = class com.ibm.ws.kernel.service.location.internal.SymbolicRootResource@59fbb13b
      userRoot = class com.ibm.ws.kernel.service.location.internal.SymbolicRootResource@f805ade0
      usrExtensionRoot = class com.ibm.ws.kernel.service.location.internal.SymbolicRootResource@5c67a5b6
      serverConfigDir = class com.ibm.ws.kernel.service.location.internal.SymbolicRootResource@52a115c6
      serverOutputDir = class com.ibm.ws.kernel.service.location.internal.SymbolicRootResource@65f39c52
      bootstrapLib = class com.ibm.ws.kernel.service.location.internal.LocalFileResource@23158992
      serverWorkarea = class com.ibm.ws.kernel.service.location.internal.LocalFileResource@79c6a7c
      serverState = class com.ibm.ws.kernel.service.location.internal.LocalFileResource@54a46a9d
      sharedAppsRoot = class com.ibm.ws.kernel.service.location.internal.SymbolicRootResource@b2528d8e
      sharedConfigRoot = class com.ibm.ws.kernel.service.location.internal.SymbolicRootResource@37530f64
      sharedResourceRoot = class com.ibm.ws.kernel.service.location.internal.SymbolicRootResource@1edcf7a4
      tmpRoot = class com.ibm.ws.kernel.service.location.internal.SymbolicRootResource@da307c2f
      serverName = "defaultServer"
      resourcePaths = class java.util.ArrayList@e97de0c1
      resourceGroups = class java.util.HashMap@812b040
      commonRoot = class com.ibm.ws.kernel.service.location.internal.VirtualRootResource@7d93464
      serverCfgDirStr = "/opt/ibm/wlp/usr/servers/defaultServer/"
      variableSourceDirs = "/opt/ibm/wlp/usr/servers/defaultServer/variables/"
      serialVersionUID = 7963438175177362522
    docLocationStack = class java.util.LinkedList@bb9ffb43
      size = "/* Could not access size */"
      first = "/* Could not access first */"
      last = "/* Could not access last */"
      serialVersionUID = "/* Could not access serialVersionUID */"
      modCount = "/* Could not access modCount */"
    behaviorStack = class java.util.LinkedList@49c38a95
      size = "/* Could not access size */"
      first = "/* Could not access first */"
      last = "/* Could not access last */"
      serialVersionUID = "/* Could not access serialVersionUID */"
      modCount = "/* Could not access modCount */"
    variableRegistry = class com.ibm.ws.config.xml.internal.variables.ConfigVariableRegistry@760be295
      tc = class com.ibm.websphere.ras.TraceComponent@82bb5f61
      UNIQUE = "UNIQUE_"
      IN_USE = "WLP_VAR_IN_USE"
      registry = class com.ibm.ws.kernel.service.location.internal.VariableRegistryHelper@fa11c04a
      variableCacheFile = class java.io.File@9a71e522
      configVariables = class java.util.HashMap@f7b1cd11
      defaultConfigVariables = class java.util.HashMap@f70e2fae
      userDefinedVariableMap = class java.util.Collections$UnmodifiableMap@21321d44
      userDefinedVariableDefaultsMap = class java.util.Collections$UnmodifiableMap@9427cdb9
      variableCache = class java.util.HashMap@dd31766c
      defaultVariableCache = class java.util.HashMap@ec7aa49c
      commandLineVariables = class java.util.ArrayList@b46df88f
      stringUtils = class com.ibm.ws.config.xml.internal.StringUtils@cff76fe8
      fileSystemVariables = class java.util.HashMap@e8126f1d
      fileVariableRootDirs = class java.util.ArrayList@157f668f
      fsVarRootDirectoryFiles = class java.util.ArrayList@b4c0d347
      serialVersionUID = 5388473541685433023
    tempVariables = class com.ibm.ws.config.xml.internal.BaseConfiguration@1ee8526d
      tc = class com.ibm.websphere.ras.TraceComponent@aa8f37d3
      description = null
      lastModified = -1
      includes = class java.util.ArrayList@c3505260
      variables = class java.util.HashMap@7a8c3f26
      configurationMap = class java.util.concurrent.ConcurrentHashMap@c3c5a4d4
      serialVersionUID = -159255561566098348
    serialVersionUID = 4481461739932904930
  serialVersionUID = -5947887641544970649

Dump of objectArray[0]
Object type = com.ibm.ws.kernel.service.location.internal.LocalFileResource
  strings[0] = "LocalFileResource[DIRECTORY;@-1517665703;${server.config.dir}/configDropins/overrides/;/opt/ibm/wlp/usr/servers/defaultServer/configDropins/overrides/]"

Dump of objectArray[1]
Object type = com.ibm.ws.config.xml.internal.ServerConfiguration
  tc = class com.ibm.websphere.ras.TraceComponent@e138bfc3
    strings[0] = "TraceComponent[com.ibm.ws.config.xml.internal.ServerConfiguration,class com.ibm.ws.config.xml.internal.ServerConfiguration,[config],com.ibm.ws.config.internal.resources.ConfigMessages,null]"
  defaultConfiguration = null
  serialVersionUID = 7414098309658288123
  tc = class com.ibm.websphere.ras.TraceComponent@aa8f37d3
    strings[0] = "TraceComponent[com.ibm.ws.config.xml.internal.BaseConfiguration,class com.ibm.ws.config.xml.internal.BaseConfiguration,[config],com.ibm.ws.config.internal.resources.ConfigMessages,null]"
  description = "Default server"
  lastModified = 1783786497000
  includes = class java.util.ArrayList@fff15305
    serialVersionUID = "/* Could not access serialVersionUID */"
    DEFAULT_CAPACITY = "/* Could not access DEFAULT_CAPACITY */"
    EMPTY_ELEMENTDATA = "/* Could not access EMPTY_ELEMENTDATA */"
    DEFAULTCAPACITY_EMPTY_ELEMENTDATA = "/* Could not access DEFAULTCAPACITY_EMPTY_ELEMENTDATA */"
    elementData = "/* Could not access elementData */"
    size = "/* Could not access size */"
    modCount = "/* Could not access modCount */"
  variables = class java.util.HashMap@d66afc2a
    serialVersionUID = "/* Could not access serialVersionUID */"
    DEFAULT_INITIAL_CAPACITY = "/* Could not access DEFAULT_INITIAL_CAPACITY */"
    MAXIMUM_CAPACITY = "/* Could not access MAXIMUM_CAPACITY */"
    DEFAULT_LOAD_FACTOR = "/* Could not access DEFAULT_LOAD_FACTOR */"
    TREEIFY_THRESHOLD = "/* Could not access TREEIFY_THRESHOLD */"
    UNTREEIFY_THRESHOLD = "/* Could not access UNTREEIFY_THRESHOLD */"
    MIN_TREEIFY_CAPACITY = "/* Could not access MIN_TREEIFY_CAPACITY */"
    table = "/* Could not access table */"
    entrySet = "/* Could not access entrySet */"
    size = "/* Could not access size */"
    modCount = "/* Could not access modCount */"
    threshold = "/* Could not access threshold */"
    loadFactor = "/* Could not access loadFactor */"
    keySet = "/* Could not access keySet */"
    values = "/* Could not access values */"
  configurationMap = class java.util.concurrent.ConcurrentHashMap@fb7c42bd
    serialVersionUID = "/* Could not access serialVersionUID */"
    MAXIMUM_CAPACITY = "/* Could not access MAXIMUM_CAPACITY */"
    DEFAULT_CAPACITY = "/* Could not access DEFAULT_CAPACITY */"
    MAX_ARRAY_SIZE = "/* Could not access MAX_ARRAY_SIZE */"
    DEFAULT_CONCURRENCY_LEVEL = "/* Could not access DEFAULT_CONCURRENCY_LEVEL */"
    LOAD_FACTOR = "/* Could not access LOAD_FACTOR */"
    TREEIFY_THRESHOLD = "/* Could not access TREEIFY_THRESHOLD */"
    UNTREEIFY_THRESHOLD = "/* Could not access UNTREEIFY_THRESHOLD */"
    MIN_TREEIFY_CAPACITY = "/* Could not access MIN_TREEIFY_CAPACITY */"
    MIN_TRANSFER_STRIDE = "/* Could not access MIN_TRANSFER_STRIDE */"
    RESIZE_STAMP_BITS = "/* Could not access RESIZE_STAMP_BITS */"
    MAX_RESIZERS = "/* Could not access MAX_RESIZERS */"
    RESIZE_STAMP_SHIFT = "/* Could not access RESIZE_STAMP_SHIFT */"
    MOVED = "/* Could not access MOVED */"
    TREEBIN = "/* Could not access TREEBIN */"
    RESERVED = "/* Could not access RESERVED */"
    HASH_BITS = "/* Could not access HASH_BITS */"
    NCPU = "/* Could not access NCPU */"
    serialPersistentFields = "/* Could not access serialPersistentFields */"
    table = "/* Could not access table */"
    nextTable = "/* Could not access nextTable */"
    baseCount = "/* Could not access baseCount */"
    sizeCtl = "/* Could not access sizeCtl */"
    transferIndex = "/* Could not access transferIndex */"
    cellsBusy = "/* Could not access cellsBusy */"
    counterCells = "/* Could not access counterCells */"
    keySet = "/* Could not access keySet */"
    values = "/* Could not access values */"
    entrySet = "/* Could not access entrySet */"
    U = "/* Could not access U */"
    SIZECTL = "/* Could not access SIZECTL */"
    TRANSFERINDEX = "/* Could not access TRANSFERINDEX */"
    BASECOUNT = "/* Could not access BASECOUNT */"
    CELLSBUSY = "/* Could not access CELLSBUSY */"
    CELLVALUE = "/* Could not access CELLVALUE */"
    ABASE = "/* Could not access ABASE */"
    ASHIFT = "/* Could not access ASHIFT */"
    keySet = "/* Could not access keySet */"
    values = "/* Could not access values */"
  serialVersionUID = -159255561566098348

